RAM Allocation [bytes]
Variable                                                                          Address   Size
------------------------------------------------------------------------------------------------
lampuSebelumnya                                                                   0x0260       8

EEPROM Allocation [bytes]
Variable                                                                          Address   Size
------------------------------------------------------------------------------------------------

Register Allocation
Variable                                                                          Register  Size
------------------------------------------------------------------------------------------------

FLASH Allocation [words]
Function                                                                          Address   Size
------------------------------------------------------------------------------------------------
init                                                                              0x00045     42
lampu1                                                                            0x0006F     33
lampu2                                                                            0x00090     32
lampu3                                                                            0x000B0     32
lampu4                                                                            0x000D0     33
ganti                                                                             0x000F1     75
main                                                                              0x0013C     21
manual                                                                            0x00151     30
otomatis                                                                          0x0016F     62
